// Jest Snapshot v1, https://goo.gl/fbAQLP

exports[`A <Fetch> renders component children correctly 1`] = `null`;
