// Jest Snapshot v1, https://goo.gl/fbAQLP

exports[`A <FetchProvider> renders component children correctly 1`] = `null`;
